[TOC]

# 基于Linux的SQLServer安装

## 前期配置

**系统要求**

| 指标         | 最低值      |
| :----------- | :---------- |
| 内存         | 2GB         |
| 文件系统     | XFS或者EXT4 |
| 磁盘空间     | 6G          |
| 处理器速度   | 2 GHZ       |
| 处理器核心数 | 2           |
| 处理器类型   | 仅兼容X64   |

**下载介质**

[SQL Server For Linux](https://packages.microsoft.com/rhel/7/mssql-server-2017/)

[SQL Tools For Linux](https://packages.microsoft.com/rhel/7.3/prod/mssql-tools-14.0.5.0-1.x86_64.rpm)



## 安装实例

编辑安装脚本

```shell
[root@t-zabbix-p-szzb ~]# cat install_sql.sh 
#!/bin/bash -e

# Use the following variables to control your install:

# Password for the SA user (required)
MSSQL_SA_PASSWORD='Abcd123#'

# Product ID of the version of SQL server you're installing
# Must be evaluation, developer, express, web, standard, enterprise, or your 25 digit product key
# Defaults to developer
MSSQL_PID='evaluation'

# Install SQL Server Agent (recommended)
SQL_INSTALL_AGENT='y'

# Install SQL Server Full Text Search (optional)
# SQL_INSTALL_FULLTEXT='y'

# Create an additional user with sysadmin privileges (optional)
# SQL_INSTALL_USER='<Username>'
# SQL_INSTALL_USER_PASSWORD='<YourStrong!Passw0rd>'

if [ -z $MSSQL_SA_PASSWORD ]
then
  echo Environment variable MSSQL_SA_PASSWORD must be set for unattended install
  exit 1
fi

echo Adding Microsoft repositories...
#sudo curl -o /etc/yum.repos.d/mssql-server.repo https://packages.microsoft.com/config/rhel/7/mssql-server-2017.repo
#sudo curl -o /etc/yum.repos.d/msprod.repo https://packages.microsoft.com/config/rhel/7/prod.repo

echo Installing SQL Server...
sudo yum install -y mssql-server-14.0.3048.4-1*
sudo systemctl stop mssql-server

echo Running mssql-conf setup...
sudo MSSQL_SA_PASSWORD=$MSSQL_SA_PASSWORD \
     MSSQL_PID=$MSSQL_PID \
     /opt/mssql/bin/mssql-conf -n setup accept-eula

echo Installing mssql-tools and unixODBC developer...
sudo ACCEPT_EULA=Y yum install -y msodbcsql-13*
sudo ACCEPT_EULA=Y yum install -y mssql-tools* unixODBC-devel

# Add SQL Server tools to the path by default:
echo Adding SQL Server tools to your path...
echo PATH="$PATH:/opt/mssql-tools/bin" >> ~/.bash_profile
echo 'export PATH="$PATH:/opt/mssql-tools/bin"' >> ~/.bashrc
source ~/.bash_profile
source ~/.bashrc

# Optional SQL Server Agent installation:
#if [ ! -z $SQL_INSTALL_AGENT ]
#then
#  echo Installing SQL Server Agent...
#  sudo yum install -y mssql-server-agent*
#fi

# Optional SQL Server Full Text Search installation:
#if [ ! -z $SQL_INSTALL_FULLTEXT ]
#then
#    echo Installing SQL Server Full-Text Search...
#    sudo yum install -y mssql-server-fts
#fi

# Configure firewall to allow TCP port 1433:
echo Configuring firewall to allow traffic on port 1433...
sudo firewall-cmd --zone=public --add-port=1433/tcp --permanent
sudo firewall-cmd --reload

# Example of setting post-installation configuration options
# Set trace flags 1204 and 1222 for deadlock tracing:
#echo Setting trace flags...
#sudo /opt/mssql/bin/mssql-conf traceflag 1204 1222 on

# Restart SQL Server after making configuration changes:
echo Restarting SQL Server...
sudo systemctl restart mssql-server

# Connect to server and get the version:
counter=1
errstatus=1
while [ $counter -le 5 ] && [ $errstatus = 1 ]
do
  echo Waiting for SQL Server to start...
  sleep 5s
  /opt/mssql-tools/bin/sqlcmd \
    -S localhost \
    -U SA \
    -P $MSSQL_SA_PASSWORD \
    -Q "SELECT @@VERSION" 2>/dev/null
  errstatus=$?
  ((counter++))
done

# Display error if connection failed:
if [ $errstatus = 1 ]
then
  echo Cannot connect to SQL Server, installation aborted
  exit $errstatus
fi

# Optional new user creation:
if [ ! -z $SQL_INSTALL_USER ] && [ ! -z $SQL_INSTALL_USER_PASSWORD ]
then
  echo Creating user $SQL_INSTALL_USER
  /opt/mssql-tools/bin/sqlcmd \
    -S localhost \
    -U SA \
    -P $MSSQL_SA_PASSWORD \
    -Q "CREATE LOGIN [$SQL_INSTALL_USER] WITH PASSWORD=N'$SQL_INSTALL_USER_PASSWORD', DEFAULT_DATABASE=[master], CHECK_EXPIRATION=ON, CHECK_POLICY=ON; ALTER SERVER ROLE [sysadmin] ADD MEMBER [$SQL_INSTALL_USER]"
fi

echo Done!
```

添加执行权限

```
$ chmod +x install_sql.sh
```

执行安装

```
$ ./install_sql.sh
```

启动实例

```
$ sudo /opt/mssql/bin/mssql-conf set sqlagent.enabled true
$ sudo systemctl restart mssql-server
```

连接数据库

```
[root@t-zabbix-p-szzb ~]# sqlcmd -S 10.240.204.150,1433 -U sa -P Abcd123#
1> select @@version;
2> go
                                                                                  
----------------------------------------------------------------------------------
Microsoft SQL Server 2017 (RTM-CU13) (KB4466404) - 14.0.3048.4 (X64) 
	Nov 30 2018 12:57:58 
	Copyright (C) 2017 Microsoft Corporation
	Enterprise Evaluation Edition (64-bit) on Linux (CentOS Linux 7 (Core))                                                                                             

(1 rows affected)
1>
```

[Linux上的SQL Server的安装指南]:https://docs.microsoft.com/zh-cn/sql/linux/sql-server-linux-setup?view=sql-server-2017
[sqlcmd操作指南]:https://docs.microsoft.com/zh-cn/sql/relational-databases/scripting/sqlcmd-use-the-utility?view=sql-server-2014